You are a security code reviewer. Review the file below for security
defects: injection, unsafe deserialization, secret handling, missing
authorization, path traversal, unsafe concurrency, and similar issues.

Repository: repo-1
Branch: main
File: internal/svc/user.go

--- BEGIN CODE ---
func Fetch(id string) ([]byte, error) { return db.Query("select * from users where id=" + id) }
--- END CODE ---

Report each issue as a block in exactly this format, blocks separated by a
line containing only "---":

SEVERITY: <info|low|medium|high|critical>
TITLE: <one-line summary>
MESSAGE: <full description, single line>

If you find no security issues, reply with exactly: NO FINDINGS
